[0m20:53:15.774959 [debug] [MainThread]: Sending event: {'category': 'dbt', 'action': 'invocation', 'label': 'start', 'context': [<snowplow_tracker.self_describing_json.SelfDescribingJson object at 0x000001CC81891690>, <snowplow_tracker.self_describing_json.SelfDescribingJson object at 0x000001CC81890DD0>, <snowplow_tracker.self_describing_json.SelfDescribingJson object at 0x000001CC81890E90>]}


============================== 20:53:15.792145 | 81e6f2f8-7a95-4c06-bcff-4ab542294551 ==============================
[0m20:53:15.792145 [info ] [MainThread]: Running with dbt=1.11.11
[0m20:53:15.794672 [debug] [MainThread]: running dbt with arguments {'static_parser': 'True', 'no_print': 'None', 'version_check': 'True', 'target_path': 'None', 'warn_error_options': 'WarnErrorOptionsV2(error=[], warn=[], silence=[])', 'printer_width': '80', 'write_json': 'True', 'empty': 'None', 'log_cache_events': 'False', 'introspect': 'True', 'cache_selected_only': 'False', 'fail_fast': 'False', 'debug': 'False', 'log_format': 'default', 'profiles_dir': 'C:\\Users\\LENOVO\\.dbt', 'send_anonymous_usage_stats': 'True', 'quiet': 'False', 'warn_error': 'None', 'partial_parse': 'True', 'indirect_selection': 'eager', 'use_colors': 'True', 'invocation_command': 'dbt init dbt-class', 'use_experimental_parser': 'False', 'log_path': 'logs'}
[0m20:53:31.784424 [debug] [MainThread]: Starter project path: C:\Users\LENOVO\OneDrive\Desktop\DE-Acemay\Professional Month\Day 3 Mastering DBT\dbt\envdbt\Lib\site-packages\dbt\include\starter_project
[0m20:53:31.832609 [info ] [MainThread]: 
Your new dbt project "dbt_class" was created!

For more information on how to configure the profiles.yml file,
please consult the dbt documentation here:

  https://docs.getdbt.com/docs/configure-your-profile

One more thing:

Need help? Don't hesitate to reach out to us via GitHub issues or on Slack:

  https://community.getdbt.com/

Happy modeling!

[0m20:53:31.833609 [info ] [MainThread]: Setting up your profile.
[0m20:57:43.748377 [info ] [MainThread]: Profile dbt_class written to C:\Users\LENOVO\.dbt\profiles.yml using target's profile_template.yml and your supplied values. Run 'dbt debug' to validate the connection.
[0m20:57:43.752437 [debug] [MainThread]: Command `dbt init` succeeded at 20:57:43.752437 after 268.21 seconds
[0m20:57:43.753446 [debug] [MainThread]: Sending event: {'category': 'dbt', 'action': 'invocation', 'label': 'end', 'context': [<snowplow_tracker.self_describing_json.SelfDescribingJson object at 0x000001CCFA87C510>, <snowplow_tracker.self_describing_json.SelfDescribingJson object at 0x000001CC817B1390>, <snowplow_tracker.self_describing_json.SelfDescribingJson object at 0x000001CCFAB81F50>]}
[0m20:57:43.755154 [debug] [MainThread]: Flushing usage events
[0m20:57:45.642116 [debug] [MainThread]: An error was encountered while trying to flush usage events
[0m20:58:06.090270 [debug] [MainThread]: Sending event: {'category': 'dbt', 'action': 'invocation', 'label': 'start', 'context': [<snowplow_tracker.self_describing_json.SelfDescribingJson object at 0x0000025DABCC1050>, <snowplow_tracker.self_describing_json.SelfDescribingJson object at 0x0000025DABD98D90>, <snowplow_tracker.self_describing_json.SelfDescribingJson object at 0x0000025DABD99610>]}


============================== 20:58:06.105962 | efbbe845-a90e-448f-b5b4-f599b0b40eca ==============================
[0m20:58:06.105962 [info ] [MainThread]: Running with dbt=1.11.11
[0m20:58:06.150899 [debug] [MainThread]: running dbt with arguments {'version_check': 'True', 'no_print': 'None', 'static_parser': 'True', 'target_path': 'None', 'warn_error_options': 'WarnErrorOptionsV2(error=[], warn=[], silence=[])', 'printer_width': '80', 'write_json': 'True', 'empty': 'None', 'log_cache_events': 'False', 'introspect': 'True', 'cache_selected_only': 'False', 'log_format': 'default', 'debug': 'False', 'fail_fast': 'False', 'profiles_dir': 'C:\\Users\\LENOVO\\.dbt', 'send_anonymous_usage_stats': 'True', 'quiet': 'False', 'warn_error': 'None', 'partial_parse': 'True', 'use_colors': 'True', 'indirect_selection': 'eager', 'invocation_command': 'dbt debug', 'use_experimental_parser': 'False', 'log_path': 'logs'}
[0m20:58:06.581618 [info ] [MainThread]: dbt version: 1.11.11
[0m20:58:06.584766 [info ] [MainThread]: python version: 3.11.9
[0m20:58:06.588754 [info ] [MainThread]: python path: C:\Users\LENOVO\OneDrive\Desktop\DE-Acemay\Professional Month\Day 3 Mastering DBT\dbt\envdbt\Scripts\python.exe
[0m20:58:06.602603 [info ] [MainThread]: os info: Windows-10-10.0.26200-SP0
[0m20:58:07.437308 [info ] [MainThread]: Error importing adapter: No module named 'dbt.adapters.spark'
[0m20:58:07.482814 [info ] [MainThread]: Error importing adapter: No module named 'dbt.adapters.spark'
[0m20:58:10.068550 [info ] [MainThread]: Error importing adapter: No module named 'dbt.adapters.snowflake'
[0m20:58:10.245679 [info ] [MainThread]: Error importing adapter: No module named 'dbt.adapters.spark'
[0m20:58:10.731917 [info ] [MainThread]: Using profiles dir at C:\Users\LENOVO\.dbt
[0m20:58:10.748585 [info ] [MainThread]: Using profiles.yml file at C:\Users\LENOVO\.dbt\profiles.yml
[0m20:58:10.755184 [info ] [MainThread]: Using dbt_project.yml file at C:\Users\LENOVO\OneDrive\Desktop\DE-Acemay\Professional Month\Day 3 Mastering DBT\dbt\dbt_project.yml
[0m20:58:10.759726 [info ] [MainThread]: Configuration:
[0m20:58:10.782968 [info ] [MainThread]:   profiles.yml file [[31mERROR invalid[0m]
[0m20:58:10.790035 [info ] [MainThread]:   dbt_project.yml file [[31mERROR not found[0m]
[0m20:58:10.798823 [info ] [MainThread]: Required dependencies:
[0m20:58:10.832184 [debug] [MainThread]: Executing "git --help"
[0m20:58:13.229944 [debug] [MainThread]: STDOUT: "b"usage: git [-v | --version] [-h | --help] [-C <path>] [-c <name>=<value>]\n           [--exec-path[=<path>]] [--html-path] [--man-path] [--info-path]\n           [-p | --paginate | -P | --no-pager] [--no-replace-objects] [--no-lazy-fetch]\n           [--no-optional-locks] [--no-advice] [--bare] [--git-dir=<path>]\n           [--work-tree=<path>] [--namespace=<name>] [--config-env=<name>=<envvar>]\n           <command> [<args>]\n\nThese are common Git commands used in various situations:\n\nstart a working area (see also: git help tutorial)\n   clone      Clone a repository into a new directory\n   init       Create an empty Git repository or reinitialize an existing one\n\nwork on the current change (see also: git help everyday)\n   add        Add file contents to the index\n   mv         Move or rename a file, a directory, or a symlink\n   restore    Restore working tree files\n   rm         Remove files from the working tree and from the index\n\nexamine the history and state (see also: git help revisions)\n   bisect     Use binary search to find the commit that introduced a bug\n   diff       Show changes between commits, commit and working tree, etc\n   grep       Print lines matching a pattern\n   log        Show commit logs\n   show       Show various types of objects\n   status     Show the working tree status\n\ngrow, mark and tweak your common history\n   backfill   Download missing objects in a partial clone\n   branch     List, create, or delete branches\n   commit     Record changes to the repository\n   history    EXPERIMENTAL: Rewrite history\n   merge      Join two or more development histories together\n   rebase     Reapply commits on top of another base tip\n   reset      Set `HEAD` or the index to a known state\n   switch     Switch branches\n   tag        Create, list, delete or verify tags\n\ncollaborate (see also: git help workflows)\n   fetch      Download objects and refs from another repository\n   pull       Fetch from and integrate with another repository or a local branch\n   push       Update remote refs along with associated objects\n\n'git help -a' and 'git help -g' list available subcommands and some\nconcept guides. See 'git help <command>' or 'git help <concept>'\nto read about a specific subcommand or concept.\nSee 'git help git' for an overview of the system.\n""
[0m20:58:13.232452 [debug] [MainThread]: STDERR: "b''"
[0m20:58:13.234132 [info ] [MainThread]:  - git [[32mOK found[0m]

[0m20:58:13.243752 [info ] [MainThread]: Connection test skipped since no profile was found
[0m20:58:13.250185 [info ] [MainThread]: [31m2 checks failed:[0m
[0m20:58:13.253247 [info ] [MainThread]: Could not load dbt_project.yml
Profile loading failed for the following reason:
Runtime Error
  Credentials in profile "dbtspark", target "dev" invalid: Runtime Error
    Could not find adapter type spark!

Runtime Error
  Credentials in profile "dbtspark1", target "dev" invalid: Runtime Error
    Could not find adapter type spark!

Runtime Error
  Credentials in profile "netflix", target "dev" invalid: Runtime Error
    Could not find adapter type snowflake!

Runtime Error
  Credentials in profile "spark_code", target "dev" invalid: Runtime Error
    Could not find adapter type spark!


[0m20:58:13.259566 [info ] [MainThread]: Project loading failed for the following reason:
 project path <C:\Users\LENOVO\OneDrive\Desktop\DE-Acemay\Professional Month\Day 3 Mastering DBT\dbt\dbt_project.yml> not found

[0m20:58:13.269597 [debug] [MainThread]: Command `dbt debug` failed at 20:58:13.267962 after 9.38 seconds
[0m20:58:13.271664 [debug] [MainThread]: Sending event: {'category': 'dbt', 'action': 'invocation', 'label': 'end', 'context': [<snowplow_tracker.self_describing_json.SelfDescribingJson object at 0x0000025DABD825D0>, <snowplow_tracker.self_describing_json.SelfDescribingJson object at 0x0000025DAA9759D0>, <snowplow_tracker.self_describing_json.SelfDescribingJson object at 0x0000025DABB086D0>]}
[0m20:58:13.274242 [debug] [MainThread]: Flushing usage events
[0m20:58:15.965913 [debug] [MainThread]: An error was encountered while trying to flush usage events
